src/app/admin/gallery/page.tsx(702,7): error TS17002: Expected corresponding JSX closing tag for 'AdminLayout'.
